exports[`loadRevisionChain gets the correct chain 1`] = `
Array [
  Object {
    "id": "907230f7c",
    "path": "/var/folders/kf/3_gmjth137jbsdp6ntwgvcsc0000gn/T/migrator/907230f7c.js",
    "revised_by": "55da42387",
    "revises": null,
  },
  Object {
    "id": "55da42387",
    "path": "/var/folders/kf/3_gmjth137jbsdp6ntwgvcsc0000gn/T/migrator/55da42387.js",
    "revised_by": "c401e90d5",
    "revises": "907230f7c",
  },
  Object {
    "id": "c401e90d5",
    "path": "/var/folders/kf/3_gmjth137jbsdp6ntwgvcsc0000gn/T/migrator/c401e90d5.js",
    "revised_by": null,
    "revises": "55da42387",
  },
]
`;
